// Jest Snapshot v1, https://goo.gl/fbAQLP

exports[`Component: EditRecipeModal EditRecipeModal snapshot should render correctly 1`] = `
<Modal
  autoFocus={true}
  backdrop={true}
  backdropTransition={
    Object {
      "mountOnEnter": true,
      "timeout": 150,
    }
  }
  fade={true}
  isOpen={true}
  keyboard={true}
  modalTransition={
    Object {
      "timeout": 300,
    }
  }
  onClosed={[Function]}
  onOpened={[Function]}
  role="dialog"
  toggle={[MockFunction]}
  zIndex={1050}
>
  <ModalHeader
    closeAriaLabel="Close"
    tag="h4"
    toggle={[MockFunction]}
    wrapTag="div"
  >
    Edit recipe
  </ModalHeader>
  <ModalBody
    tag="div"
  >
    <Form
      tag="form"
    >
      <FormGroup
        row={true}
        tag="div"
      >
        <Label
          for="exampleEmail"
          sm={4}
          tag="label"
          widths={
            Array [
              "xs",
              "sm",
              "md",
              "lg",
              "xl",
            ]
          }
        >
          Recipe Name
        </Label>
        <Col
          sm={8}
          tag="div"
          widths={
            Array [
              "xs",
              "sm",
              "md",
              "lg",
              "xl",
            ]
          }
        >
          <Input
            id="exampleEmail"
            name="recipeName"
            onChange={[Function]}
            tag="p"
            type="text"
          />
        </Col>
      </FormGroup>
      <FormGroup
        row={true}
        tag="div"
      >
        <Label
          for="exampleEmail"
          sm={4}
          tag="label"
          widths={
            Array [
              "xs",
              "sm",
              "md",
              "lg",
              "xl",
            ]
          }
        >
          Ingredients
        </Label>
        <Col
          sm={4}
          tag="div"
          widths={
            Array [
              "xs",
              "sm",
              "md",
              "lg",
              "xl",
            ]
          }
        >
          <textarea
            className="styledTextarea"
            id="exampleEmail"
            name="ingredients"
            onChange={[Function]}
            type="text"
          />
        </Col>
      </FormGroup>
      <FormGroup
        row={true}
        tag="div"
      >
        <Label
          for="exampleEmail"
          sm={4}
          tag="label"
          widths={
            Array [
              "xs",
              "sm",
              "md",
              "lg",
              "xl",
            ]
          }
        >
          Description
        </Label>
        <Col
          sm={8}
          tag="div"
          widths={
            Array [
              "xs",
              "sm",
              "md",
              "lg",
              "xl",
            ]
          }
        >
          <textarea
            className="styledTextarea"
            id="exampleEmail"
            name="description"
            onChange={[Function]}
            type="text"
          />
        </Col>
      </FormGroup>
      <FormGroup
        row={true}
        tag="div"
      >
        <Label
          for="exampleFile"
          lg={4}
          tag="label"
          widths={
            Array [
              "xs",
              "sm",
              "md",
              "lg",
              "xl",
            ]
          }
        >
          Image
        </Label>
        <Col
          sm={8}
          tag="div"
          widths={
            Array [
              "xs",
              "sm",
              "md",
              "lg",
              "xl",
            ]
          }
        >
          <input
            accept="image/*"
            name="image"
            onChange={[Function]}
            type="file"
          />
          <img
            alt="sample"
            className="styledImage"
            src={Object {}}
          />
        </Col>
      </FormGroup>
      <FormGroup
        check={true}
        className="modal-button"
        row={true}
        tag="div"
      >
        <Col
          sm={
            Object {
              "offset": 5,
              "size": 10,
            }
          }
          tag="div"
          widths={
            Array [
              "xs",
              "sm",
              "md",
              "lg",
              "xl",
            ]
          }
        >
          <Button
            className="submit-btn"
            color="secondary"
            onClick={[Function]}
            tag="button"
          >
            Edit
          </Button>
        </Col>
      </FormGroup>
    </Form>
  </ModalBody>
</Modal>
`;
