// Jest Snapshot v1, https://goo.gl/fbAQLP

exports[`NotFound snapshot should render correctly 1`] = `
<div>
  <withRouter(Connect(RecipeHeader)) />
  <div
    style={
      Object {
        "margin": "0 auto",
        "minHeight": "795px",
        "width": "85%",
      }
    }
  >
    <h4
      className="pageStyle"
    >
      Page Not Found
    </h4>
    <img
      alt="error-page"
      className="error-page"
      src={Object {}}
    />
  </div>
  <Footer />
</div>
`;
