// Jest Snapshot v1, https://goo.gl/fbAQLP

exports[`Component: ForgotPassword forgot password in snapshot should render correctly 1`] = `
<div
  page="signin"
>
  <div
    className="overlay"
  />
  <withRouter(Connect(RecipeHeader)) />
  <div
    className="card card-style"
  >
    <div
      className="card-body mx-4"
    >
      <div
        className="text-center"
      >
        <h3
          className="dark-grey-text mb-5"
        >
          <strong>
            Forgot password?
          </strong>
        </h3>
      </div>
      <div
        className="md-form"
      >
        <label
          className="form-label"
          htmlFor="Form-email1"
        >
          Email
          <input
            className="form-control"
            id="Form-email1"
            name="email"
            onChange={[Function]}
            placeholder="Email"
            required={true}
            type="text"
            value=""
          />
        </label>
      </div>
      <div
        className="text-center mb-3"
      >
        <button
          className="btn btn-white btn-rounded"
          onClick={[Function]}
          type="button"
        >
          Send me an instruction
        </button>
      </div>
    </div>
  </div>
</div>
`;
