// Jest Snapshot v1, https://goo.gl/fbAQLP

exports[`Component: ResetPassword reset password in snapshot should render correctly 1`] = `
<div
  page="signin"
>
  <div
    className="overlay"
  />
  <withRouter(Connect(RecipeHeader)) />
  <div
    className="card card-style"
  >
    <div
      className="card-body mx-4"
    >
      <div
        className="text-center"
      >
        <h3
          className="dark-grey-text mb-5"
        >
          <strong>
            Reset password
          </strong>
        </h3>
      </div>
      <div
        className="md-form"
      >
        <label
          className="form-label"
          htmlFor="Form-email1"
        >
          <input
            className="Form-email1 form-control"
            name="newPassword"
            onChange={[Function]}
            placeholder="New Password"
            required={true}
            type="password"
            value=""
          />
        </label>
        <label
          className="form-label"
          htmlFor="Form-email1"
        >
          <input
            className="form-control"
            id="Form-email1 "
            name="confirmpassword"
            onChange={[Function]}
            placeholder="confirm Password"
            required={true}
            type="password"
            value=""
          />
        </label>
      </div>
      <div
        className="text-center mb-3"
      >
        <button
          className="btn btn-white btn-rounded"
          onClick={[Function]}
          type="button"
        >
          Reset password
        </button>
      </div>
    </div>
  </div>
</div>
`;
