// Jest Snapshot v1, https://goo.gl/fbAQLP

exports[`Component: SignUp sign up snapshot should render correctly 1`] = `
<div
  page="signup"
>
  <div
    className="overlay"
  />
  <div
    className="row"
  >
    <div
      className="col-md-6 offset-md-3 col-lg-4 offset-lg-4"
    >
      <div
        className="card card-style"
      >
        <div
          className="card-body mx-4"
        >
          <div
            className="text-center"
          >
            <h3
              className="dark-grey-text mb-5"
            >
              <strong>
                Sign up
              </strong>
            </h3>
          </div>
          <div
            className="md-form"
          >
            <label
              className="form-label"
              htmlFor="Form-email1"
            >
              Username
              <span
                style={
                  Object {
                    "color": "red",
                  }
                }
              >
                 *
              </span>
              <input
                className="Form-email1 form-control"
                name="userName"
                onChange={[Function]}
                pattern="(?=^.{2,15}$)(?!.*\\\\s).*$"
                placeholder="janedoe"
                required={true}
                title="2 to 15 characters required"
                type="text"
                value=""
              />
            </label>
          </div>
          <div
            className="md-form"
          >
            <label
              className="form-label"
              htmlFor="Form-email1"
            >
              Email
              <span
                style={
                  Object {
                    "color": "red",
                  }
                }
              >
                 *
              </span>
              <input
                className="Form-email1 form-control"
                name="email"
                onChange={[Function]}
                placeholder="jane@doe.com"
                required={true}
                type="text"
                value=""
              />
            </label>
          </div>
          <div
            className="md-form pb-3"
          >
            <label
              className="form-label"
              htmlFor="Form-pass1"
            >
              Password
              <span
                style={
                  Object {
                    "color": "red",
                  }
                }
              >
                 *
              </span>
              <input
                className="form-control"
                id="Form-pass1"
                name="password"
                onChange={[Function]}
                pattern="(?=^.{8,15}$)(?!.*\\\\s).*$"
                placeholder="********"
                required={true}
                title="8 to 15 characters required"
                type="password"
                value=""
              />
            </label>
          </div>
          <div
            className="md-form pb-3"
          >
            <label
              className="form-label"
              htmlFor="Form-pass2"
            >
              Confirm Password
              <span
                style={
                  Object {
                    "color": "red",
                  }
                }
              >
                 *
              </span>
              <input
                className="form-control"
                id="Form-pass2"
                name="confirmPassword"
                onChange={[Function]}
                pattern="(?=^.{8,15}$)(?!.*\\\\s).*$"
                placeholder="********"
                title="8 to 15 characters required"
                type="password"
                value=""
              />
            </label>
          </div>
          <div
            className="text-center mb-3"
          >
            <button
              className="btn btn-white btn-rounded float"
              onClick={[Function]}
              type="button"
            >
              Sign up
            </button>
          </div>
        </div>
        <div
          className="modal-footer mx-5 pt-3 mb-1"
        >
          <p
            className="font-small"
          >
            Have an account?
            <Link
              className="blue-text ml-1"
              href="/signin"
              replace={false}
              to="/signin"
            >
              Sign In
            </Link>
          </p>
        </div>
      </div>
    </div>
  </div>
</div>
`;
